---
"./spec/sheep-a-changelog/meta_spec.rb[1:1]":
  :author: Jaroslav Šmolík
  :name: sheep-a-changelog
  :description: Simple, particular, example driven parser of keep-a-changelog format.
  :email: grissius@gmail.com
  :license: MIT
  :homepage: https://github.com/grissius/keep-a-changelog
  :summary: Simple, particular, example driven parser of keep-a-changelog format.
